Using pre-set license
Built from '6000.0/release' branch; Version is '6000.0.45f1 (d91bd3d4e081) revision 14228435'; Using compiler version '193933523'; Build Type 'Release'
OS: 'Windows 11  (10.0.26100) 64bit Professional' Language: 'en' Physical Memory: 16202 MB
BatchMode: 1, IsHumanControllingUs: 0, StartBugReporterOnCrash: 0, Is64bit: 1, IsPro: 1

COMMAND LINE ARGUMENTS:
C:\Program Files\Unity\Hub\Editor\6000.0.45f1\Editor\Unity.exe
-adb2
-batchMode
-noUpm
-name
AssetImportWorker7
-projectPath
C:/Users/ASUS/Downloads/Workspace/Unity Project/City_Car_Racing/City_Car_Racing
-logFile
Logs/AssetImportWorker7.log
-srvPort
1286
-job-worker-count
7
-background-job-worker-count
8
-gc-helper-count
1
Successfully changed project path to: C:/Users/ASUS/Downloads/Workspace/Unity Project/City_Car_Racing/City_Car_Racing
C:/Users/ASUS/Downloads/Workspace/Unity Project/City_Car_Racing/City_Car_Racing
[UnityMemory] Configuration Parameters - Can be set up in boot.config
    "memorysetup-bucket-allocator-granularity=16"
    "memorysetup-bucket-allocator-bucket-count=8"
    "memorysetup-bucket-allocator-block-size=33554432"
    "memorysetup-bucket-allocator-block-count=8"
    "memorysetup-main-allocator-block-size=16777216"
    "memorysetup-thread-allocator-block-size=16777216"
    "memorysetup-gfx-main-allocator-block-size=16777216"
    "memorysetup-gfx-thread-allocator-block-size=16777216"
    "memorysetup-cache-allocator-block-size=4194304"
    "memorysetup-typetree-allocator-block-size=2097152"
    "memorysetup-profiler-bucket-allocator-granularity=16"
    "memorysetup-profiler-bucket-allocator-bucket-count=8"
    "memorysetup-profiler-bucket-allocator-block-size=33554432"
    "memorysetup-profiler-bucket-allocator-block-count=8"
    "memorysetup-profiler-allocator-block-size=16777216"
    "memorysetup-profiler-editor-allocator-block-size=1048576"
    "memorysetup-temp-allocator-size-main=16777216"
    "memorysetup-job-temp-allocator-block-size=2097152"
    "memorysetup-job-temp-allocator-block-size-background=1048576"
    "memorysetup-job-temp-allocator-reduction-small-platforms=262144"
    "memorysetup-allocator-temp-initial-block-size-main=262144"
    "memorysetup-allocator-temp-initial-block-size-worker=262144"
    "memorysetup-temp-allocator-size-background-worker=32768"
    "memorysetup-temp-allocator-size-job-worker=262144"
    "memorysetup-temp-allocator-size-preload-manager=33554432"
    "memorysetup-temp-allocator-size-nav-mesh-worker=65536"
    "memorysetup-temp-allocator-size-audio-worker=65536"
    "memorysetup-temp-allocator-size-cloud-worker=32768"
    "memorysetup-temp-allocator-size-gi-baking-worker=262144"
    "memorysetup-temp-allocator-size-gi-baking-worker=262144"
    "memorysetup-temp-allocator-size-gi-baking-worker=262144"
    "memorysetup-temp-allocator-size-gi-baking-worker=262144"
    "memorysetup-temp-allocator-size-gi-baking-worker=262144"
    "memorysetup-temp-allocator-size-gfx=262144"
Player connection [28108]  Target information:

Player connection [28108]  * "[IP] 192.168.150.52 [Port] 0 [Flags] 2 [Guid] 2210763016 [EditorId] 2210763016 [Version] 1048832 [Id] WindowsEditor(7,DESKTOP-GO94N5E) [Debug] 1 [PackageName] WindowsEditor [ProjectName] Editor" 

Player connection [28108] Host joined multi-casting on [225.0.0.222:54997]...
Player connection [28108] Host joined alternative multi-casting on [225.0.0.222:34997]...
JobSystem: Creating JobQueue using job-worker-count value 7
Input System module state changed to: Initialized.
[Physics::Module] Initialized fallback backend.
[Physics::Module] Id: 0xdecafbad
Library Redirect Path: Library/
[Physics::Module] Selected backend.
[Physics::Module] Name: PhysX
[Physics::Module] Id: 0xf2b8ea05
[Physics::Module] SDK Version: 4.1.2
[Physics::Module] Integration Version: 1.0.0
[Physics::Module] Threading Mode: Multi-Threaded
Refreshing native plugins compatible for Editor in 2.38 ms, found 3 plugins.
Preloading 0 native plugins for Editor in 0.00 ms.
Initialize engine version: 6000.0.45f1 (d91bd3d4e081)
[Subsystems] Discovering subsystems at path C:/Program Files/Unity/Hub/Editor/6000.0.45f1/Editor/Data/Resources/UnitySubsystems
[Subsystems] Discovering subsystems at path C:/Users/ASUS/Downloads/Workspace/Unity Project/City_Car_Racing/City_Car_Racing/Assets
GfxDevice: creating device client; kGfxThreadingModeNonThreaded
Direct3D:
    Version:  Direct3D 11.0 [level 11.1]
    Renderer: NVIDIA GeForce RTX 4060 Laptop GPU (ID=0x28e0)
    Vendor:   NVIDIA
    VRAM:     7957 MB
    Driver:   32.0.15.7216
Initialize mono
Mono path[0] = 'C:/Program Files/Unity/Hub/Editor/6000.0.45f1/Editor/Data/Managed'
Mono path[1] = 'C:/Program Files/Unity/Hub/Editor/6000.0.45f1/Editor/Data/MonoBleedingEdge/lib/mono/unityjit-win32'
Mono config path = 'C:/Program Files/Unity/Hub/Editor/6000.0.45f1/Editor/Data/MonoBleedingEdge/etc'
Using monoOptions --debugger-agent=transport=dt_socket,embedding=1,server=y,suspend=n,address=127.0.0.1:56704
Begin MonoManager ReloadAssembly
Registering precompiled unity dll's ...
Register platform support module: C:/Program Files/Unity/Hub/Editor/6000.0.45f1/Editor/Data/PlaybackEngines/WindowsStandaloneSupport/UnityEditor.WindowsStandalone.Extensions.dll
Register platform support module: C:/Program Files/Unity/Hub/Editor/6000.0.45f1/Editor/Data/PlaybackEngines/MetroSupport/UnityEditor.UWP.Extensions.dll
Register platform support module: C:/Program Files/Unity/Hub/Editor/6000.0.45f1/Editor/Data/PlaybackEngines/AndroidPlayer/UnityEditor.Android.Extensions.dll
Registered in 0.004925 seconds.
- Loaded All Assemblies, in  0.450 seconds
Native extension for Android target not found
Android Extension - Scanning For ADB Devices 279 ms
Native extension for UWP target not found
Native extension for WindowsStandalone target not found
Mono: successfully reloaded assembly
- Finished resetting the current domain, in  0.688 seconds
Domain Reload Profiling: 1136ms
	BeginReloadAssembly (146ms)
		ExecutionOrderSort (0ms)
		DisableScriptedObjects (0ms)
		BackupInstance (0ms)
		ReleaseScriptingObjects (0ms)
		CreateAndSetChildDomain (1ms)
	RebuildCommonClasses (39ms)
	RebuildNativeTypeToScriptingClass (10ms)
	initialDomainReloadingComplete (60ms)
	LoadAllAssembliesAndSetupDomain (192ms)
		LoadAssemblies (145ms)
		RebuildTransferFunctionScriptingTraits (0ms)
		AnalyzeDomain (187ms)
			TypeCache.Refresh (185ms)
				TypeCache.ScanAssembly (169ms)
			BuildScriptInfoCaches (0ms)
			ResolveRequiredComponents (1ms)
	FinalizeReload (688ms)
		ReleaseScriptCaches (0ms)
		RebuildScriptCaches (0ms)
		SetupLoadedEditorAssemblies (642ms)
			LogAssemblyErrors (0ms)
			InitializePlatformSupportModulesInManaged (374ms)
			SetLoadedEditorAssemblies (4ms)
			BeforeProcessingInitializeOnLoad (52ms)
			ProcessInitializeOnLoadAttributes (140ms)
			ProcessInitializeOnLoadMethodAttributes (73ms)
			AfterProcessingInitializeOnLoad (0ms)
			EditorAssembliesLoaded (0ms)
		ExecutionOrderSort2 (0ms)
		AwakeInstancesAfterBackupRestoration (0ms)
Assembly reference Packages/com.unity.cinemachine/Editor/Samples/ExposeHDRPInternals/HDRP-Editor-ref.asmref has no target assembly definition
========================================================================
Worker process is ready to serve import requests
Import Worker Mode flag is 0x00
Assembly reference Packages/com.unity.cinemachine/Editor/Samples/ExposeHDRPInternals/HDRP-Editor-ref.asmref has no target assembly definition
Assembly reference Packages/com.unity.cinemachine/Editor/Samples/ExposeHDRPInternals/HDRP-Editor-ref.asmref has no target assembly definition
Begin MonoManager ReloadAssembly
- Loaded All Assemblies, in  0.822 seconds
Assembly reference Packages/com.unity.cinemachine/Editor/Samples/ExposeHDRPInternals/HDRP-Editor-ref.asmref has no target assembly definition
'Packages/com.unity.cinemachine/Editor/Obsolete/CinemachineVirtualCameraBaseEditor.cs' contains partial class of Unity.Object, exactly 1 of the partial classes needs to be in a file with the same filename. This is to know the one that can be referenced from ie. GameObjects
'Packages/com.unity.cinemachine/Editor/Editors/CinemachineVirtualCameraBaseEditor.cs' contains partial class of Unity.Object, exactly 1 of the partial classes needs to be in a file with the same filename. This is to know the one that can be referenced from ie. GameObjects
Refreshing native plugins compatible for Editor in 1.00 ms, found 3 plugins.
Native extension for Android target not found
Native extension for UWP target not found
Native extension for WindowsStandalone target not found
Assembly reference Packages/com.unity.cinemachine/Editor/Samples/ExposeHDRPInternals/HDRP-Editor-ref.asmref has no target assembly definition
Package Manager log level set to [2]
[Package Manager] Failed to launch server process. Reason: Unity was launched with the -noUpm command-line argument
[Package Manager] Unable to send message (not connected to server process).
[Package Manager] Cannot connect to Unity Package Manager local server
Mono: successfully reloaded assembly
- Finished resetting the current domain, in  0.662 seconds
Domain Reload Profiling: 1480ms
	BeginReloadAssembly (199ms)
		ExecutionOrderSort (0ms)
		DisableScriptedObjects (6ms)
		BackupInstance (0ms)
		ReleaseScriptingObjects (0ms)
		CreateAndSetChildDomain (41ms)
	RebuildCommonClasses (51ms)
	RebuildNativeTypeToScriptingClass (13ms)
	initialDomainReloadingComplete (44ms)
	LoadAllAssembliesAndSetupDomain (511ms)
		LoadAssemblies (384ms)
		RebuildTransferFunctionScriptingTraits (0ms)
		AnalyzeDomain (243ms)
			TypeCache.Refresh (189ms)
				TypeCache.ScanAssembly (176ms)
			BuildScriptInfoCaches (41ms)
			ResolveRequiredComponents (8ms)
	FinalizeReload (662ms)
		ReleaseScriptCaches (0ms)
		RebuildScriptCaches (0ms)
		SetupLoadedEditorAssemblies (541ms)
			LogAssemblyErrors (0ms)
			InitializePlatformSupportModulesInManaged (11ms)
			SetLoadedEditorAssemblies (2ms)
			BeforeProcessingInitializeOnLoad (97ms)
			ProcessInitializeOnLoadAttributes (392ms)
			ProcessInitializeOnLoadMethodAttributes (33ms)
			AfterProcessingInitializeOnLoad (5ms)
			EditorAssembliesLoaded (0ms)
		ExecutionOrderSort2 (0ms)
		AwakeInstancesAfterBackupRestoration (8ms)
Launched and connected shader compiler UnityShaderCompiler.exe after 0.04 seconds
Refreshing native plugins compatible for Editor in 1.68 ms, found 3 plugins.
Preloading 0 native plugins for Editor in 0.00 ms.
Unloading 11 Unused Serialized files (Serialized files now loaded: 0)
Unloading 4356 unused Assets / (1.4 MB). Loaded Objects now: 4853.
Memory consumption went from 113.9 MB to 112.4 MB.
Total: 11.128900 ms (FindLiveObjects: 0.898300 ms CreateObjectMapping: 0.743800 ms MarkObjects: 7.423300 ms  DeleteObjects: 2.061400 ms)

========================================================================
Received Import Request.
  Time since last request: 6941.062320 seconds.
  path: Assets/Classical_city/Prefab/ground_light.prefab
  artifactKey: Guid(f58c618f34b610d4f902bc31a39b9c15) Importer(2089858483,192608db42251d675da83286b1cce702)
Start importing Assets/Classical_city/Prefab/ground_light.prefab using Guid(f58c618f34b610d4f902bc31a39b9c15) Importer(2089858483,192608db42251d675da83286b1cce702) (ScriptedImporter) -> (artifact id: 'fa803a9f2068d3057845a1e58e639a1f') in 0.2004212 seconds
Number of updated asset objects reloaded before import = 0Number of asset objects unloaded after import = 10

========================================================================
Received Import Request.
  Time since last request: 0.000020 seconds.
  path: Assets/Garage/Prefab/electric_box.prefab
  artifactKey: Guid(7b1cad6d2e0674e4690e238a8b4a3da7) Importer(2089858483,192608db42251d675da83286b1cce702)
Start importing Assets/Garage/Prefab/electric_box.prefab using Guid(7b1cad6d2e0674e4690e238a8b4a3da7) Importer(2089858483,192608db42251d675da83286b1cce702) (ScriptedImporter) -> (artifact id: '9fd52b43517b6ccff581c29b371bde3a') in 0.0234084 seconds
Number of updated asset objects reloaded before import = 0Number of asset objects unloaded after import = 10

========================================================================
Received Import Request.
  Time since last request: 0.000025 seconds.
  path: Assets/Classical_city/Textures/vegetation_b.tif
  artifactKey: Guid(440d6bbd2b403c74581953af1e349950) Importer(2089858483,192608db42251d675da83286b1cce702)
Start importing Assets/Classical_city/Textures/vegetation_b.tif using Guid(440d6bbd2b403c74581953af1e349950) Importer(2089858483,192608db42251d675da83286b1cce702) (ScriptedImporter) -> (artifact id: '30de8eeb5cd5d9412f1d84690af9e4aa') in 0.1358319 seconds
Number of updated asset objects reloaded before import = 0Number of asset objects unloaded after import = 1

========================================================================
Received Import Request.
  Time since last request: 0.000061 seconds.
  path: Assets/Garage/Garage_lightmap/Lightmap-1_comp_light.exr
  artifactKey: Guid(3fa4c9e6adddbed48983b730acbfdd8a) Importer(2089858483,192608db42251d675da83286b1cce702)
Start importing Assets/Garage/Garage_lightmap/Lightmap-1_comp_light.exr using Guid(3fa4c9e6adddbed48983b730acbfdd8a) Importer(2089858483,192608db42251d675da83286b1cce702) (ScriptedImporter) -> (artifact id: '4146c39ffff67a1a1498f888b1a4f385') in 0.0694362 seconds
Number of updated asset objects reloaded before import = 0Number of asset objects unloaded after import = 1

========================================================================
Received Import Request.
  Time since last request: 0.000056 seconds.
  path: Assets/Garage/Garage_lightmap/Lightmap-0_comp_light.exr
  artifactKey: Guid(8cfe4526c6e8abf4ebd80c3a369e0bff) Importer(2089858483,192608db42251d675da83286b1cce702)
Start importing Assets/Garage/Garage_lightmap/Lightmap-0_comp_light.exr using Guid(8cfe4526c6e8abf4ebd80c3a369e0bff) Importer(2089858483,192608db42251d675da83286b1cce702) (ScriptedImporter) -> (artifact id: '1276dde7290faf4573241a492526d24f') in 0.1134658 seconds
Number of updated asset objects reloaded before import = 0Number of asset objects unloaded after import = 1

========================================================================
Received Import Request.
  Time since last request: 0.000075 seconds.
  path: Assets/Classical_city/Prefab/city_night.prefab
  artifactKey: Guid(358e487fc43853b47a647c2fa44e953c) Importer(2089858483,192608db42251d675da83286b1cce702)
Start importing Assets/Classical_city/Prefab/city_night.prefab using Guid(358e487fc43853b47a647c2fa44e953c) Importer(2089858483,192608db42251d675da83286b1cce702) (ScriptedImporter) -> (artifact id: 'e065213e112eb787a1c6f7b0d61ff74f') in 0.3841805 seconds
Number of updated asset objects reloaded before import = 0Number of asset objects unloaded after import = 10372

========================================================================
Received Import Request.
  Time since last request: 0.000044 seconds.
  path: Assets/Garage/Garage_lightmap/Lightmap-0_comp_dir.png
  artifactKey: Guid(2853f48f8ccfe2b48a3fb5b5f34dd1ae) Importer(2089858483,192608db42251d675da83286b1cce702)
Start importing Assets/Garage/Garage_lightmap/Lightmap-0_comp_dir.png using Guid(2853f48f8ccfe2b48a3fb5b5f34dd1ae) Importer(2089858483,192608db42251d675da83286b1cce702) (ScriptedImporter) -> (artifact id: '32e3b976a676a49b6b849c8585f0ce20') in 0.0590082 seconds
Number of updated asset objects reloaded before import = 0Number of asset objects unloaded after import = 1

========================================================================
Received Import Request.
  Time since last request: 0.000046 seconds.
  path: Assets/Classical_city/Prefab/signal_light.prefab
  artifactKey: Guid(95cfbc05dd2d3c64d834e7d654825bdd) Importer(2089858483,192608db42251d675da83286b1cce702)
Start importing Assets/Classical_city/Prefab/signal_light.prefab using Guid(95cfbc05dd2d3c64d834e7d654825bdd) Importer(2089858483,192608db42251d675da83286b1cce702) (ScriptedImporter) -> (artifact id: '2d3408540b4848d9c85e595e30f1de9c') in 0.0187448 seconds
Number of updated asset objects reloaded before import = 0Number of asset objects unloaded after import = 10

========================================================================
Received Import Request.
  Time since last request: 0.000025 seconds.
  path: Assets/8FastCars/Materials/Lagoon_wheel.mat
  artifactKey: Guid(48413377af475874393c916865f87755) Importer(2089858483,192608db42251d675da83286b1cce702)
Start importing Assets/8FastCars/Materials/Lagoon_wheel.mat using Guid(48413377af475874393c916865f87755) Importer(2089858483,192608db42251d675da83286b1cce702) (ScriptedImporter) -> (artifact id: '39a565be694312a29e5952f67f46024f') in 0.0425308 seconds
Number of updated asset objects reloaded before import = 0Number of asset objects unloaded after import = 2

========================================================================
Received Import Request.
  Time since last request: 0.000025 seconds.
  path: Assets/Garage/Source/Materials/Garage Outdoor.mat
  artifactKey: Guid(78c646e6ceab9b645a6ebc852660851b) Importer(2089858483,192608db42251d675da83286b1cce702)
Start importing Assets/Garage/Source/Materials/Garage Outdoor.mat using Guid(78c646e6ceab9b645a6ebc852660851b) Importer(2089858483,192608db42251d675da83286b1cce702) (ScriptedImporter) -> (artifact id: '9c97def297e8a438960f93bed2e7343f') in 0.028853 seconds
Number of updated asset objects reloaded before import = 0Number of asset objects unloaded after import = 2

========================================================================
Received Import Request.
  Time since last request: 0.000024 seconds.
  path: Assets/Classical_city/Particles/Source/smoke2.tif
  artifactKey: Guid(be61ff97040ab5045b222e3fa51b9a0f) Importer(2089858483,192608db42251d675da83286b1cce702)
Start importing Assets/Classical_city/Particles/Source/smoke2.tif using Guid(be61ff97040ab5045b222e3fa51b9a0f) Importer(2089858483,192608db42251d675da83286b1cce702) (ScriptedImporter) -> (artifact id: '6dbe790cec0e2d48e66986af510f0a92') in 0.0695535 seconds
Number of updated asset objects reloaded before import = 0Number of asset objects unloaded after import = 1

========================================================================
Received Import Request.
  Time since last request: 0.000047 seconds.
  path: Assets/Garage/Prefab/wrek_car.prefab
  artifactKey: Guid(fd22c2aba913f844caf377244609d777) Importer(2089858483,192608db42251d675da83286b1cce702)
Start importing Assets/Garage/Prefab/wrek_car.prefab using Guid(fd22c2aba913f844caf377244609d777) Importer(2089858483,192608db42251d675da83286b1cce702) (ScriptedImporter) -> (artifact id: '290dcfb1eaf65f2910ad0c63ee61cd8a') in 0.0182536 seconds
Number of updated asset objects reloaded before import = 0Number of asset objects unloaded after import = 10

========================================================================
Received Import Request.
  Time since last request: 0.000024 seconds.
  path: Assets/Classical_city/Particles/Lens Flares/35mm Lens.flare
  artifactKey: Guid(0e5f153f2f9d947ba914bbf16a151626) Importer(2089858483,192608db42251d675da83286b1cce702)
Start importing Assets/Classical_city/Particles/Lens Flares/35mm Lens.flare using Guid(0e5f153f2f9d947ba914bbf16a151626) Importer(2089858483,192608db42251d675da83286b1cce702) (ScriptedImporter) -> (artifact id: 'b6d4fa70fcd43f82c114ad8b586496b9') in 0.0195739 seconds
Number of updated asset objects reloaded before import = 0Number of asset objects unloaded after import = 2

========================================================================
Received Import Request.
  Time since last request: 0.000022 seconds.
  path: Assets/Classical_city/Particles/Lens Flares/Art Assets/cheap plastic.psd
  artifactKey: Guid(a8db9f4190d8242a8ad500fa95095423) Importer(2089858483,192608db42251d675da83286b1cce702)
Start importing Assets/Classical_city/Particles/Lens Flares/Art Assets/cheap plastic.psd using Guid(a8db9f4190d8242a8ad500fa95095423) Importer(2089858483,192608db42251d675da83286b1cce702) (ScriptedImporter) -> (artifact id: '6610ab520855f3efdccaef7770da50ac') in 0.0230244 seconds
Number of updated asset objects reloaded before import = 0Number of asset objects unloaded after import = 1

========================================================================
Received Import Request.
  Time since last request: 0.000108 seconds.
  path: Assets/8FastCars/Models/Materials/CarShadow.002.mat
  artifactKey: Guid(fd9b8219d8e2c63418c4f44c1a093795) Importer(2089858483,192608db42251d675da83286b1cce702)
Start importing Assets/8FastCars/Models/Materials/CarShadow.002.mat using Guid(fd9b8219d8e2c63418c4f44c1a093795) Importer(2089858483,192608db42251d675da83286b1cce702) (ScriptedImporter) -> (artifact id: '1f934913ad4fb541627e5dfc1a3339b4') in 0.0181598 seconds
Number of updated asset objects reloaded before import = 0Number of asset objects unloaded after import = 2

========================================================================
Received Import Request.
  Time since last request: 0.000022 seconds.
  path: Assets/Garage/Source/Textures/Car Floor.tif
  artifactKey: Guid(b4635614724c7df42897503ff6f2d926) Importer(2089858483,192608db42251d675da83286b1cce702)
Start importing Assets/Garage/Source/Textures/Car Floor.tif using Guid(b4635614724c7df42897503ff6f2d926) Importer(2089858483,192608db42251d675da83286b1cce702) (ScriptedImporter) -> (artifact id: '61dc25d62b0b80b54c19cfa24c7f7d69') in 0.0230386 seconds
Number of updated asset objects reloaded before import = 0Number of asset objects unloaded after import = 1

========================================================================
Received Import Request.
  Time since last request: 0.000021 seconds.
  path: Assets/Garage/Source/Textures/Window Glass.png
  artifactKey: Guid(cdea6b738e8613348bd54e1adfbe0b14) Importer(2089858483,192608db42251d675da83286b1cce702)
Start importing Assets/Garage/Source/Textures/Window Glass.png using Guid(cdea6b738e8613348bd54e1adfbe0b14) Importer(2089858483,192608db42251d675da83286b1cce702) (ScriptedImporter) -> (artifact id: 'afd43419f801f42cf817bb53699c4c10') in 0.0240731 seconds
Number of updated asset objects reloaded before import = 0Number of asset objects unloaded after import = 1

========================================================================
Received Import Request.
  Time since last request: 0.000045 seconds.
  path: Assets/Classical_city/Particles/Lens Flares/Digital Camera.flare
  artifactKey: Guid(f3cd23d6d3e3d490cb471c69069c97a1) Importer(2089858483,192608db42251d675da83286b1cce702)
Start importing Assets/Classical_city/Particles/Lens Flares/Digital Camera.flare using Guid(f3cd23d6d3e3d490cb471c69069c97a1) Importer(2089858483,192608db42251d675da83286b1cce702) (ScriptedImporter) -> (artifact id: 'c3a1da7e40773e3347d13b21cafe0175') in 0.2714805 seconds
Number of updated asset objects reloaded before import = 0Number of asset objects unloaded after import = 2

========================================================================
Received Import Request.
  Time since last request: 0.000025 seconds.
  path: Assets/Classical_city/Particles/Lens Flares/Laser.flare
  artifactKey: Guid(e59f068002a7b47858274b3c71e10ea7) Importer(2089858483,192608db42251d675da83286b1cce702)
Start importing Assets/Classical_city/Particles/Lens Flares/Laser.flare using Guid(e59f068002a7b47858274b3c71e10ea7) Importer(2089858483,192608db42251d675da83286b1cce702) (ScriptedImporter) -> (artifact id: '12d5ccd3a3951c63c8f004ae69aebe0a') in 0.0204432 seconds
Number of updated asset objects reloaded before import = 0Number of asset objects unloaded after import = 2

========================================================================
Received Import Request.
  Time since last request: 0.000033 seconds.
  path: Assets/Classical_city/Particles/Lens Flares/Art Assets/spacesun.psd
  artifactKey: Guid(3884bea772df648a9b33d922b7d4221c) Importer(2089858483,192608db42251d675da83286b1cce702)
Start importing Assets/Classical_city/Particles/Lens Flares/Art Assets/spacesun.psd using Guid(3884bea772df648a9b33d922b7d4221c) Importer(2089858483,192608db42251d675da83286b1cce702) (ScriptedImporter) -> (artifact id: '55e91f10daed11dfbb9bcf8c514d7d76') in 0.0206717 seconds
Number of updated asset objects reloaded before import = 0Number of asset objects unloaded after import = 1

========================================================================
Received Import Request.
  Time since last request: 0.000048 seconds.
  path: Assets/Garage/Source/Textures/skybox_day.hdr
  artifactKey: Guid(c7c9f05232998b0469fc07e5f4c21e8e) Importer(2089858483,192608db42251d675da83286b1cce702)
Start importing Assets/Garage/Source/Textures/skybox_day.hdr using Guid(c7c9f05232998b0469fc07e5f4c21e8e) Importer(2089858483,192608db42251d675da83286b1cce702) (ScriptedImporter) -> (artifact id: 'aef4a01df33299db8bbb6d8a368e0410') in 0.0734778 seconds
Number of updated asset objects reloaded before import = 0Number of asset objects unloaded after import = 1

========================================================================
Received Import Request.
  Time since last request: 0.000046 seconds.
  path: Assets/Garage/Source/Textures/Garage Blue.psd
  artifactKey: Guid(12396722dcd5aec42a6224ccf8ef0edb) Importer(2089858483,192608db42251d675da83286b1cce702)
Start importing Assets/Garage/Source/Textures/Garage Blue.psd using Guid(12396722dcd5aec42a6224ccf8ef0edb) Importer(2089858483,192608db42251d675da83286b1cce702) (ScriptedImporter) -> (artifact id: '7f54beb68a7c5905101b95284f72dd34') in 0.0264567 seconds
Number of updated asset objects reloaded before import = 0Number of asset objects unloaded after import = 1

========================================================================
Received Import Request.
  Time since last request: 0.000042 seconds.
  path: Assets/Garage/Source/Garage.prefab
  artifactKey: Guid(9b79a6e334f5c224ab1888b6eec45a9c) Importer(2089858483,192608db42251d675da83286b1cce702)
Start importing Assets/Garage/Source/Garage.prefab using Guid(9b79a6e334f5c224ab1888b6eec45a9c) Importer(2089858483,192608db42251d675da83286b1cce702) (ScriptedImporter) -> (artifact id: '549be597bed873274568a9b4d902ea43') in 0.0574919 seconds
Number of updated asset objects reloaded before import = 0Number of asset objects unloaded after import = 1804

========================================================================
Received Import Request.
  Time since last request: 0.000034 seconds.
  path: Assets/Classical_city/Particles/Rain Drops/Resources/GlassRefraction/Shaders/GlassStainedBumpDistort.shader
  artifactKey: Guid(963484209d11fd7f110076aa44295342) Importer(2089858483,192608db42251d675da83286b1cce702)
Start importing Assets/Classical_city/Particles/Rain Drops/Resources/GlassRefraction/Shaders/GlassStainedBumpDistort.shader using Guid(963484209d11fd7f110076aa44295342) Importer(2089858483,192608db42251d675da83286b1cce702) (ScriptedImporter) -> (artifact id: '1cae03694b5130166a036ba66690a270') in 0.0197053 seconds
Number of updated asset objects reloaded before import = 0Number of asset objects unloaded after import = 1

========================================================================
Received Import Request.
  Time since last request: 0.000048 seconds.
  path: Assets/Sprites/pause-button.png
  artifactKey: Guid(4af1e4dc874a57e428ca8bef0e30358b) Importer(2089858483,192608db42251d675da83286b1cce702)
Start importing Assets/Sprites/pause-button.png using Guid(4af1e4dc874a57e428ca8bef0e30358b) Importer(2089858483,192608db42251d675da83286b1cce702) (ScriptedImporter) -> (artifact id: '2a1332bf21f6eabe54a382f90c0bcc28') in 0.0231511 seconds
Number of updated asset objects reloaded before import = 0Number of asset objects unloaded after import = 1

========================================================================
Received Import Request.
  Time since last request: 0.000052 seconds.
  path: Assets/Garage/Prefab/generator.prefab
  artifactKey: Guid(d3536821cf5c9d244b00a77fd4a81329) Importer(2089858483,192608db42251d675da83286b1cce702)
Start importing Assets/Garage/Prefab/generator.prefab using Guid(d3536821cf5c9d244b00a77fd4a81329) Importer(2089858483,192608db42251d675da83286b1cce702) (ScriptedImporter) -> (artifact id: '107820dd44a4d4bca9e8f0b3e90e1828') in 0.017633 seconds
Number of updated asset objects reloaded before import = 0Number of asset objects unloaded after import = 10

========================================================================
Received Import Request.
  Time since last request: 0.000026 seconds.
  path: Assets/Classical_city/Prefab/air_conditioner.prefab
  artifactKey: Guid(b23149f3203bf394382f55d3f1cc7cd3) Importer(2089858483,192608db42251d675da83286b1cce702)
Start importing Assets/Classical_city/Prefab/air_conditioner.prefab using Guid(b23149f3203bf394382f55d3f1cc7cd3) Importer(2089858483,192608db42251d675da83286b1cce702) (ScriptedImporter) -> (artifact id: '60d210422247203f2fe362ca7d966e34') in 0.0179007 seconds
Number of updated asset objects reloaded before import = 0Number of asset objects unloaded after import = 10

========================================================================
Received Import Request.
  Time since last request: 0.000029 seconds.
  path: Assets/Classical_city/Particles/Rain Drops/Resources/Rain Drop small.mat
  artifactKey: Guid(59bd7058104c77043bbd028c6991f153) Importer(2089858483,192608db42251d675da83286b1cce702)
Start importing Assets/Classical_city/Particles/Rain Drops/Resources/Rain Drop small.mat using Guid(59bd7058104c77043bbd028c6991f153) Importer(2089858483,192608db42251d675da83286b1cce702) (ScriptedImporter) -> (artifact id: '3fc39dcc1b269488e38eda25a2ac837e') in 0.0281346 seconds
Number of updated asset objects reloaded before import = 0Number of asset objects unloaded after import = 2

========================================================================
Received Import Request.
  Time since last request: 0.000023 seconds.
  path: Assets/8FastCars/Textures/Fury_body.png
  artifactKey: Guid(38dcf047450576a40acd60ed1a32c93e) Importer(2089858483,192608db42251d675da83286b1cce702)
Start importing Assets/8FastCars/Textures/Fury_body.png using Guid(38dcf047450576a40acd60ed1a32c93e) Importer(2089858483,192608db42251d675da83286b1cce702) (ScriptedImporter) -> (artifact id: 'c4ff3712e7bc0973136a353249f6168a') in 0.0262012 seconds
Number of updated asset objects reloaded before import = 0Number of asset objects unloaded after import = 1

========================================================================
Received Import Request.
  Time since last request: 0.000047 seconds.
  path: Assets/Classical_city/Prefab/background_building_g.prefab
  artifactKey: Guid(0c49a12dfa5454c4ebb413db3c87be77) Importer(2089858483,192608db42251d675da83286b1cce702)
Start importing Assets/Classical_city/Prefab/background_building_g.prefab using Guid(0c49a12dfa5454c4ebb413db3c87be77) Importer(2089858483,192608db42251d675da83286b1cce702) (ScriptedImporter) -> (artifact id: '4f2c93efd01f29bc913f1f00cc1c11ad') in 0.0225812 seconds
Number of updated asset objects reloaded before import = 0Number of asset objects unloaded after import = 10

========================================================================
Received Import Request.
  Time since last request: 0.000021 seconds.
  path: Assets/8FastCars/Textures/Stranger_body.png
  artifactKey: Guid(a1907ec26ec0a96409512ee96f8a40b5) Importer(2089858483,192608db42251d675da83286b1cce702)
Start importing Assets/8FastCars/Textures/Stranger_body.png using Guid(a1907ec26ec0a96409512ee96f8a40b5) Importer(2089858483,192608db42251d675da83286b1cce702) (ScriptedImporter) -> (artifact id: '86a98f3ec9cc25b61bfc7eef4cabef26') in 0.0238859 seconds
Number of updated asset objects reloaded before import = 0Number of asset objects unloaded after import = 1

========================================================================
Received Import Request.
  Time since last request: 0.000021 seconds.
  path: Assets/Classical_city/Prefab/road_pole_a.prefab
  artifactKey: Guid(2c636dee439c7a048909883a797fda24) Importer(2089858483,192608db42251d675da83286b1cce702)
Start importing Assets/Classical_city/Prefab/road_pole_a.prefab using Guid(2c636dee439c7a048909883a797fda24) Importer(2089858483,192608db42251d675da83286b1cce702) (ScriptedImporter) -> (artifact id: '92b312fac70be88a024c737cefe40eb9') in 0.0175903 seconds
Number of updated asset objects reloaded before import = 0Number of asset objects unloaded after import = 10

========================================================================
Received Import Request.
  Time since last request: 0.000022 seconds.
  path: Assets/Classical_city/Prefab/background_building_b.prefab
  artifactKey: Guid(38a2360328626204f8a49a1c8df2abcd) Importer(2089858483,192608db42251d675da83286b1cce702)
Start importing Assets/Classical_city/Prefab/background_building_b.prefab using Guid(38a2360328626204f8a49a1c8df2abcd) Importer(2089858483,192608db42251d675da83286b1cce702) (ScriptedImporter) -> (artifact id: 'fe8117218e89537848228429cffe832f') in 0.0191411 seconds
Number of updated asset objects reloaded before import = 0Number of asset objects unloaded after import = 10

========================================================================
Received Import Request.
  Time since last request: 0.000026 seconds.
  path: Assets/Classical_city/Particles/Source/Smoke2.mat
  artifactKey: Guid(49e1b9c95825a9f42a26b03bd068d9ef) Importer(2089858483,192608db42251d675da83286b1cce702)
Start importing Assets/Classical_city/Particles/Source/Smoke2.mat using Guid(49e1b9c95825a9f42a26b03bd068d9ef) Importer(2089858483,192608db42251d675da83286b1cce702) (ScriptedImporter) -> (artifact id: 'fcafb667c777261f93ba7ec874d4357e') in 0.0238816 seconds
Number of updated asset objects reloaded before import = 0Number of asset objects unloaded after import = 2

========================================================================
Received Import Request.
  Time since last request: 0.000219 seconds.
  path: Assets/Classical_city/Particles/Lens Flares/85mm Lens.flare
  artifactKey: Guid(28f1e8eff353b4e69941c036ea093e73) Importer(2089858483,192608db42251d675da83286b1cce702)
Start importing Assets/Classical_city/Particles/Lens Flares/85mm Lens.flare using Guid(28f1e8eff353b4e69941c036ea093e73) Importer(2089858483,192608db42251d675da83286b1cce702) (ScriptedImporter) -> (artifact id: '3071cef8a498a392479ccd3f6ebccf81') in 0.018924 seconds
Number of updated asset objects reloaded before import = 0Number of asset objects unloaded after import = 2

========================================================================
Received Import Request.
  Time since last request: 0.000033 seconds.
  path: Assets/Classical_city/Textures/vegetation_a.tif
  artifactKey: Guid(5dec2761c5e6d3a4793eeb8bbee0a053) Importer(2089858483,192608db42251d675da83286b1cce702)
Start importing Assets/Classical_city/Textures/vegetation_a.tif using Guid(5dec2761c5e6d3a4793eeb8bbee0a053) Importer(2089858483,192608db42251d675da83286b1cce702) (ScriptedImporter) -> (artifact id: '1b375b1e38b7992cb7359c171ce56f82') in 0.0471013 seconds
Number of updated asset objects reloaded before import = 0Number of asset objects unloaded after import = 1

========================================================================
Received Import Request.
  Time since last request: 0.000062 seconds.
  path: Assets/8FastCars/Materials/Diesel_glass.mat
  artifactKey: Guid(8dc56ef40340e404cab9c928745ff58d) Importer(2089858483,192608db42251d675da83286b1cce702)
Start importing Assets/8FastCars/Materials/Diesel_glass.mat using Guid(8dc56ef40340e404cab9c928745ff58d) Importer(2089858483,192608db42251d675da83286b1cce702) (ScriptedImporter) -> (artifact id: 'e95f678b1bbc50824ae90e88d6b372a1') in 0.0170579 seconds
Number of updated asset objects reloaded before import = 0Number of asset objects unloaded after import = 1

========================================================================
Received Import Request.
  Time since last request: 0.000066 seconds.
  path: Assets/Garage/Source/Materials/Garage Floor.mat
  artifactKey: Guid(9bffba36c6bccf24d9eb4cc1f41d1fe7) Importer(2089858483,192608db42251d675da83286b1cce702)
Start importing Assets/Garage/Source/Materials/Garage Floor.mat using Guid(9bffba36c6bccf24d9eb4cc1f41d1fe7) Importer(2089858483,192608db42251d675da83286b1cce702) (ScriptedImporter) -> (artifact id: '02993e2d978dc2eafddaa441295d1399') in 0.0178901 seconds
Number of updated asset objects reloaded before import = 0Number of asset objects unloaded after import = 2

========================================================================
Received Prepare
Assembly reference Packages/com.unity.cinemachine/Editor/Samples/ExposeHDRPInternals/HDRP-Editor-ref.asmref has no target assembly definition
Assembly reference Packages/com.unity.cinemachine/Editor/Samples/ExposeHDRPInternals/HDRP-Editor-ref.asmref has no target assembly definition
Begin MonoManager ReloadAssembly
- Loaded All Assemblies, in  0.734 seconds
Assembly reference Packages/com.unity.cinemachine/Editor/Samples/ExposeHDRPInternals/HDRP-Editor-ref.asmref has no target assembly definition
'Packages/com.unity.cinemachine/Editor/Obsolete/CinemachineVirtualCameraBaseEditor.cs' contains partial class of Unity.Object, exactly 1 of the partial classes needs to be in a file with the same filename. This is to know the one that can be referenced from ie. GameObjects
'Packages/com.unity.cinemachine/Editor/Editors/CinemachineVirtualCameraBaseEditor.cs' contains partial class of Unity.Object, exactly 1 of the partial classes needs to be in a file with the same filename. This is to know the one that can be referenced from ie. GameObjects
Refreshing native plugins compatible for Editor in 1.00 ms, found 3 plugins.
Native extension for Android target not found
Native extension for UWP target not found
Native extension for WindowsStandalone target not found
Assembly reference Packages/com.unity.cinemachine/Editor/Samples/ExposeHDRPInternals/HDRP-Editor-ref.asmref has no target assembly definition
[Package Manager] Failed to launch server process. Reason: Unity was launched with the -noUpm command-line argument
[Package Manager] Unable to send message (not connected to server process).
[Package Manager] Cannot connect to Unity Package Manager local server
Mono: successfully reloaded assembly
- Finished resetting the current domain, in  0.626 seconds
Domain Reload Profiling: 1361ms
	BeginReloadAssembly (212ms)
		ExecutionOrderSort (0ms)
		DisableScriptedObjects (7ms)
		BackupInstance (0ms)
		ReleaseScriptingObjects (0ms)
		CreateAndSetChildDomain (69ms)
	RebuildCommonClasses (35ms)
	RebuildNativeTypeToScriptingClass (16ms)
	initialDomainReloadingComplete (30ms)
	LoadAllAssembliesAndSetupDomain (441ms)
		LoadAssemblies (332ms)
		RebuildTransferFunctionScriptingTraits (0ms)
		AnalyzeDomain (204ms)
			TypeCache.Refresh (6ms)
				TypeCache.ScanAssembly (0ms)
			BuildScriptInfoCaches (189ms)
			ResolveRequiredComponents (5ms)
	FinalizeReload (627ms)
		ReleaseScriptCaches (0ms)
		RebuildScriptCaches (0ms)
		SetupLoadedEditorAssemblies (494ms)
			LogAssemblyErrors (0ms)
			InitializePlatformSupportModulesInManaged (12ms)
			SetLoadedEditorAssemblies (3ms)
			BeforeProcessingInitializeOnLoad (94ms)
			ProcessInitializeOnLoadAttributes (349ms)
			ProcessInitializeOnLoadMethodAttributes (30ms)
			AfterProcessingInitializeOnLoad (7ms)
			EditorAssembliesLoaded (0ms)
		ExecutionOrderSort2 (0ms)
		AwakeInstancesAfterBackupRestoration (8ms)
Refreshing native plugins compatible for Editor in 1.95 ms, found 3 plugins.
Preloading 0 native plugins for Editor in 0.00 ms.
Unloading 2 Unused Serialized files (Serialized files now loaded: 0)
Unloading 4354 unused Assets / (1.8 MB). Loaded Objects now: 4856.
Memory consumption went from 116.2 MB to 114.3 MB.
Total: 14.846000 ms (FindLiveObjects: 1.024600 ms CreateObjectMapping: 1.753700 ms MarkObjects: 8.600600 ms  DeleteObjects: 3.465500 ms)

Prepare: number of updated asset objects reloaded= 0
Editor requested this worker to shutdown with reason: Scaling down because of idle timeout
AssetImportWorker is now disconnected from the server
Process exiting
Exiting without the bug reporter. Application will terminate with return code 0