Using pre-set license
Built from '6000.0/release' branch; Version is '6000.0.45f1 (d91bd3d4e081) revision 14228435'; Using compiler version '193933523'; Build Type 'Release'
OS: 'Windows 11  (10.0.26100) 64bit Professional' Language: 'en' Physical Memory: 16202 MB
BatchMode: 1, IsHumanControllingUs: 0, StartBugReporterOnCrash: 0, Is64bit: 1, IsPro: 1

COMMAND LINE ARGUMENTS:
C:\Program Files\Unity\Hub\Editor\6000.0.45f1\Editor\Unity.exe
-adb2
-batchMode
-noUpm
-name
AssetImportWorker3
-projectPath
C:/Users/ASUS/Downloads/Workspace/Unity Project/City_Car_Racing/City_Car_Racing
-logFile
Logs/AssetImportWorker3.log
-srvPort
1280
-job-worker-count
7
-background-job-worker-count
8
-gc-helper-count
1
Successfully changed project path to: C:/Users/ASUS/Downloads/Workspace/Unity Project/City_Car_Racing/City_Car_Racing
C:/Users/ASUS/Downloads/Workspace/Unity Project/City_Car_Racing/City_Car_Racing
[UnityMemory] Configuration Parameters - Can be set up in boot.config
    "memorysetup-bucket-allocator-granularity=16"
    "memorysetup-bucket-allocator-bucket-count=8"
    "memorysetup-bucket-allocator-block-size=33554432"
    "memorysetup-bucket-allocator-block-count=8"
    "memorysetup-main-allocator-block-size=16777216"
    "memorysetup-thread-allocator-block-size=16777216"
    "memorysetup-gfx-main-allocator-block-size=16777216"
    "memorysetup-gfx-thread-allocator-block-size=16777216"
    "memorysetup-cache-allocator-block-size=4194304"
    "memorysetup-typetree-allocator-block-size=2097152"
    "memorysetup-profiler-bucket-allocator-granularity=16"
    "memorysetup-profiler-bucket-allocator-bucket-count=8"
    "memorysetup-profiler-bucket-allocator-block-size=33554432"
    "memorysetup-profiler-bucket-allocator-block-count=8"
    "memorysetup-profiler-allocator-block-size=16777216"
    "memorysetup-profiler-editor-allocator-block-size=1048576"
    "memorysetup-temp-allocator-size-main=16777216"
    "memorysetup-job-temp-allocator-block-size=2097152"
    "memorysetup-job-temp-allocator-block-size-background=1048576"
    "memorysetup-job-temp-allocator-reduction-small-platforms=262144"
    "memorysetup-allocator-temp-initial-block-size-main=262144"
    "memorysetup-allocator-temp-initial-block-size-worker=262144"
    "memorysetup-temp-allocator-size-background-worker=32768"
    "memorysetup-temp-allocator-size-job-worker=262144"
    "memorysetup-temp-allocator-size-preload-manager=33554432"
    "memorysetup-temp-allocator-size-nav-mesh-worker=65536"
    "memorysetup-temp-allocator-size-audio-worker=65536"
    "memorysetup-temp-allocator-size-cloud-worker=32768"
    "memorysetup-temp-allocator-size-gi-baking-worker=262144"
    "memorysetup-temp-allocator-size-gi-baking-worker=262144"
    "memorysetup-temp-allocator-size-gi-baking-worker=262144"
    "memorysetup-temp-allocator-size-gi-baking-worker=262144"
    "memorysetup-temp-allocator-size-gi-baking-worker=262144"
    "memorysetup-temp-allocator-size-gfx=262144"
Player connection [30476]  Target information:

Player connection [30476]  * "[IP] 192.168.150.52 [Port] 0 [Flags] 2 [Guid] 2724114649 [EditorId] 2724114649 [Version] 1048832 [Id] WindowsEditor(7,DESKTOP-GO94N5E) [Debug] 1 [PackageName] WindowsEditor [ProjectName] Editor" 

Player connection [30476] Host joined multi-casting on [225.0.0.222:54997]...
Player connection [30476] Host joined alternative multi-casting on [225.0.0.222:34997]...
JobSystem: Creating JobQueue using job-worker-count value 7
Input System module state changed to: Initialized.
[Physics::Module] Initialized fallback backend.
[Physics::Module] Id: 0xdecafbad
Library Redirect Path: Library/
[Physics::Module] Selected backend.
[Physics::Module] Name: PhysX
[Physics::Module] Id: 0xf2b8ea05
[Physics::Module] SDK Version: 4.1.2
[Physics::Module] Integration Version: 1.0.0
[Physics::Module] Threading Mode: Multi-Threaded
Refreshing native plugins compatible for Editor in 3.18 ms, found 3 plugins.
Preloading 0 native plugins for Editor in 0.00 ms.
Initialize engine version: 6000.0.45f1 (d91bd3d4e081)
[Subsystems] Discovering subsystems at path C:/Program Files/Unity/Hub/Editor/6000.0.45f1/Editor/Data/Resources/UnitySubsystems
[Subsystems] Discovering subsystems at path C:/Users/ASUS/Downloads/Workspace/Unity Project/City_Car_Racing/City_Car_Racing/Assets
GfxDevice: creating device client; kGfxThreadingModeNonThreaded
Direct3D:
    Version:  Direct3D 11.0 [level 11.1]
    Renderer: NVIDIA GeForce RTX 4060 Laptop GPU (ID=0x28e0)
    Vendor:   NVIDIA
    VRAM:     7957 MB
    Driver:   32.0.15.7216
Initialize mono
Mono path[0] = 'C:/Program Files/Unity/Hub/Editor/6000.0.45f1/Editor/Data/Managed'
Mono path[1] = 'C:/Program Files/Unity/Hub/Editor/6000.0.45f1/Editor/Data/MonoBleedingEdge/lib/mono/unityjit-win32'
Mono config path = 'C:/Program Files/Unity/Hub/Editor/6000.0.45f1/Editor/Data/MonoBleedingEdge/etc'
Using monoOptions --debugger-agent=transport=dt_socket,embedding=1,server=y,suspend=n,address=127.0.0.1:56472
Begin MonoManager ReloadAssembly
Registering precompiled unity dll's ...
Register platform support module: C:/Program Files/Unity/Hub/Editor/6000.0.45f1/Editor/Data/PlaybackEngines/WindowsStandaloneSupport/UnityEditor.WindowsStandalone.Extensions.dll
Register platform support module: C:/Program Files/Unity/Hub/Editor/6000.0.45f1/Editor/Data/PlaybackEngines/MetroSupport/UnityEditor.UWP.Extensions.dll
Register platform support module: C:/Program Files/Unity/Hub/Editor/6000.0.45f1/Editor/Data/PlaybackEngines/AndroidPlayer/UnityEditor.Android.Extensions.dll
Registered in 0.004252 seconds.
- Loaded All Assemblies, in  0.357 seconds
Native extension for Android target not found
Android Extension - Scanning For ADB Devices 248 ms
Native extension for UWP target not found
Native extension for WindowsStandalone target not found
Mono: successfully reloaded assembly
- Finished resetting the current domain, in  0.572 seconds
Domain Reload Profiling: 927ms
	BeginReloadAssembly (118ms)
		ExecutionOrderSort (0ms)
		DisableScriptedObjects (0ms)
		BackupInstance (0ms)
		ReleaseScriptingObjects (0ms)
		CreateAndSetChildDomain (1ms)
	RebuildCommonClasses (34ms)
	RebuildNativeTypeToScriptingClass (10ms)
	initialDomainReloadingComplete (48ms)
	LoadAllAssembliesAndSetupDomain (144ms)
		LoadAssemblies (117ms)
		RebuildTransferFunctionScriptingTraits (0ms)
		AnalyzeDomain (141ms)
			TypeCache.Refresh (139ms)
				TypeCache.ScanAssembly (124ms)
			BuildScriptInfoCaches (0ms)
			ResolveRequiredComponents (0ms)
	FinalizeReload (572ms)
		ReleaseScriptCaches (0ms)
		RebuildScriptCaches (0ms)
		SetupLoadedEditorAssemblies (533ms)
			LogAssemblyErrors (0ms)
			InitializePlatformSupportModulesInManaged (323ms)
			SetLoadedEditorAssemblies (4ms)
			BeforeProcessingInitializeOnLoad (45ms)
			ProcessInitializeOnLoadAttributes (105ms)
			ProcessInitializeOnLoadMethodAttributes (56ms)
			AfterProcessingInitializeOnLoad (0ms)
			EditorAssembliesLoaded (0ms)
		ExecutionOrderSort2 (0ms)
		AwakeInstancesAfterBackupRestoration (0ms)
========================================================================
Worker process is ready to serve import requests
Import Worker Mode flag is 0x00
Begin MonoManager ReloadAssembly
- Loaded All Assemblies, in  0.634 seconds
Refreshing native plugins compatible for Editor in 1.06 ms, found 3 plugins.
Native extension for Android target not found
Native extension for UWP target not found
Native extension for WindowsStandalone target not found
Mono: successfully reloaded assembly
- Finished resetting the current domain, in  0.513 seconds
Domain Reload Profiling: 1144ms
	BeginReloadAssembly (162ms)
		ExecutionOrderSort (0ms)
		DisableScriptedObjects (5ms)
		BackupInstance (0ms)
		ReleaseScriptingObjects (0ms)
		CreateAndSetChildDomain (31ms)
	RebuildCommonClasses (34ms)
	RebuildNativeTypeToScriptingClass (11ms)
	initialDomainReloadingComplete (36ms)
	LoadAllAssembliesAndSetupDomain (387ms)
		LoadAssemblies (295ms)
		RebuildTransferFunctionScriptingTraits (0ms)
		AnalyzeDomain (187ms)
			TypeCache.Refresh (151ms)
				TypeCache.ScanAssembly (138ms)
			BuildScriptInfoCaches (29ms)
			ResolveRequiredComponents (4ms)
	FinalizeReload (514ms)
		ReleaseScriptCaches (0ms)
		RebuildScriptCaches (0ms)
		SetupLoadedEditorAssemblies (410ms)
			LogAssemblyErrors (0ms)
			InitializePlatformSupportModulesInManaged (10ms)
			SetLoadedEditorAssemblies (3ms)
			BeforeProcessingInitializeOnLoad (75ms)
			ProcessInitializeOnLoadAttributes (292ms)
			ProcessInitializeOnLoadMethodAttributes (23ms)
			AfterProcessingInitializeOnLoad (6ms)
			EditorAssembliesLoaded (0ms)
		ExecutionOrderSort2 (0ms)
		AwakeInstancesAfterBackupRestoration (8ms)
Launched and connected shader compiler UnityShaderCompiler.exe after 0.01 seconds
Refreshing native plugins compatible for Editor in 1.79 ms, found 3 plugins.
Preloading 0 native plugins for Editor in 0.00 ms.
Unloading 9 Unused Serialized files (Serialized files now loaded: 0)
Unloading 3811 unused Assets / (1.2 MB). Loaded Objects now: 4305.
Memory consumption went from 84.7 MB to 83.5 MB.
Total: 11.327600 ms (FindLiveObjects: 0.872100 ms CreateObjectMapping: 0.839700 ms MarkObjects: 7.693300 ms  DeleteObjects: 1.920300 ms)

========================================================================
Received Import Request.
  Time since last request: 8887.660890 seconds.
  path: Assets/8FastCars/Materials/Caravan_body.mat
  artifactKey: Guid(dd3694449a9da4544978fc0b19067198) Importer(815301076,1909f56bfc062723c751e8b465ee728b)
Start importing Assets/8FastCars/Materials/Caravan_body.mat using Guid(dd3694449a9da4544978fc0b19067198) Importer(815301076,1909f56bfc062723c751e8b465ee728b) (PreviewImporter) -> (artifact id: 'ba0072ff5e14605992f73e870b243d20') in 0.1844282 seconds
Number of updated asset objects reloaded before import = 0Number of asset objects unloaded after import = 2

========================================================================
Received Import Request.
  Time since last request: 0.000044 seconds.
  path: Assets/8FastCars/Materials/Lagoon_interior.mat
  artifactKey: Guid(c511b82c0226b6d4fb8c5cb98943e93f) Importer(815301076,1909f56bfc062723c751e8b465ee728b)
Start importing Assets/8FastCars/Materials/Lagoon_interior.mat using Guid(c511b82c0226b6d4fb8c5cb98943e93f) Importer(815301076,1909f56bfc062723c751e8b465ee728b) (PreviewImporter) -> (artifact id: '037310e9b83e7ac2d597633aa253ee22') in 0.0170369 seconds
Number of updated asset objects reloaded before import = 0Number of asset objects unloaded after import = 1

========================================================================
Received Import Request.
  Time since last request: 0.000031 seconds.
  path: Assets/8FastCars/Materials/Fury_Pipes.mat
  artifactKey: Guid(5b96c7ead6c61554a9c30c5805f98ce8) Importer(815301076,1909f56bfc062723c751e8b465ee728b)
Start importing Assets/8FastCars/Materials/Fury_Pipes.mat using Guid(5b96c7ead6c61554a9c30c5805f98ce8) Importer(815301076,1909f56bfc062723c751e8b465ee728b) (PreviewImporter) -> (artifact id: 'e22f69d4ded510d54c5d97175b47dd77') in 0.0147747 seconds
Number of updated asset objects reloaded before import = 0Number of asset objects unloaded after import = 2

========================================================================
Received Import Request.
  Time since last request: 0.000028 seconds.
  path: Assets/8FastCars/Materials/Diesel_wheel.mat
  artifactKey: Guid(f977f772ccffee0438bca2ea37183bb8) Importer(815301076,1909f56bfc062723c751e8b465ee728b)
Start importing Assets/8FastCars/Materials/Diesel_wheel.mat using Guid(f977f772ccffee0438bca2ea37183bb8) Importer(815301076,1909f56bfc062723c751e8b465ee728b) (PreviewImporter) -> (artifact id: 'c07bddcef2a802697f27b67c51e1a3fa') in 0.030134 seconds
Number of updated asset objects reloaded before import = 0Number of asset objects unloaded after import = 2

========================================================================
Received Import Request.
  Time since last request: 0.000023 seconds.
  path: Assets/8FastCars/Materials/Caravan_wheel.mat
  artifactKey: Guid(4101b241a22635940ba4e8fd35b15d66) Importer(815301076,1909f56bfc062723c751e8b465ee728b)
Start importing Assets/8FastCars/Materials/Caravan_wheel.mat using Guid(4101b241a22635940ba4e8fd35b15d66) Importer(815301076,1909f56bfc062723c751e8b465ee728b) (PreviewImporter) -> (artifact id: '9029295305e4eb389f81e1a973a0462b') in 0.018081 seconds
Number of updated asset objects reloaded before import = 0Number of asset objects unloaded after import = 2

========================================================================
Received Import Request.
  Time since last request: 0.000025 seconds.
  path: Assets/8FastCars/Materials/Fury_CarInterior.mat
  artifactKey: Guid(7199dd6e744f5cb43afa1d18e849d090) Importer(815301076,1909f56bfc062723c751e8b465ee728b)
Start importing Assets/8FastCars/Materials/Fury_CarInterior.mat using Guid(7199dd6e744f5cb43afa1d18e849d090) Importer(815301076,1909f56bfc062723c751e8b465ee728b) (PreviewImporter) -> (artifact id: '2f21bc2a3a73557c07e93f5e2ccf5593') in 0.0084011 seconds
Number of updated asset objects reloaded before import = 0Number of asset objects unloaded after import = 1

========================================================================
Received Import Request.
  Time since last request: 0.000026 seconds.
  path: Assets/8FastCars/Materials/Diesel_chrome.mat
  artifactKey: Guid(e1f2d779f543935468efa274e5583a70) Importer(815301076,1909f56bfc062723c751e8b465ee728b)
Start importing Assets/8FastCars/Materials/Diesel_chrome.mat using Guid(e1f2d779f543935468efa274e5583a70) Importer(815301076,1909f56bfc062723c751e8b465ee728b) (PreviewImporter) -> (artifact id: '1b51e6d1586e7b02c010ccb2f6478c76') in 0.0076294 seconds
Number of updated asset objects reloaded before import = 0Number of asset objects unloaded after import = 2

========================================================================
Received Import Request.
  Time since last request: 0.000024 seconds.
  path: Assets/8FastCars/Materials/Diesel_lights.mat
  artifactKey: Guid(247c6be7dd0e9b846997527f9747aafb) Importer(815301076,1909f56bfc062723c751e8b465ee728b)
Start importing Assets/8FastCars/Materials/Diesel_lights.mat using Guid(247c6be7dd0e9b846997527f9747aafb) Importer(815301076,1909f56bfc062723c751e8b465ee728b) (PreviewImporter) -> (artifact id: '0409fbb544e27a0b43d9bab87a0db5d3') in 0.0174633 seconds
Number of updated asset objects reloaded before import = 0Number of asset objects unloaded after import = 2

========================================================================
Received Import Request.
  Time since last request: 0.000020 seconds.
  path: Assets/8FastCars/Materials/Fury_Carpaint.mat
  artifactKey: Guid(5bec07ea7619a754faa851a28c63e9ca) Importer(815301076,1909f56bfc062723c751e8b465ee728b)
Start importing Assets/8FastCars/Materials/Fury_Carpaint.mat using Guid(5bec07ea7619a754faa851a28c63e9ca) Importer(815301076,1909f56bfc062723c751e8b465ee728b) (PreviewImporter) -> (artifact id: 'c66d556635b5c0bd30f2ca511552fc52') in 0.0076011 seconds
Number of updated asset objects reloaded before import = 0Number of asset objects unloaded after import = 2

========================================================================
Received Import Request.
  Time since last request: 0.000023 seconds.
  path: Assets/8FastCars/Materials/Lagoon_body.mat
  artifactKey: Guid(b7fa22cc8688d4042afbd0dda0d6442c) Importer(815301076,1909f56bfc062723c751e8b465ee728b)
Start importing Assets/8FastCars/Materials/Lagoon_body.mat using Guid(b7fa22cc8688d4042afbd0dda0d6442c) Importer(815301076,1909f56bfc062723c751e8b465ee728b) (PreviewImporter) -> (artifact id: '5930ce2bcd1385fe26e9c9c996f77b64') in 0.008182 seconds
Number of updated asset objects reloaded before import = 0Number of asset objects unloaded after import = 2

========================================================================
Received Import Request.
  Time since last request: 0.000018 seconds.
  path: Assets/8FastCars/Materials/Fury_WindowGlass.mat
  artifactKey: Guid(dda3926168206704eb840bf2890a940d) Importer(815301076,1909f56bfc062723c751e8b465ee728b)
Start importing Assets/8FastCars/Materials/Fury_WindowGlass.mat using Guid(dda3926168206704eb840bf2890a940d) Importer(815301076,1909f56bfc062723c751e8b465ee728b) (PreviewImporter) -> (artifact id: '002217da7c0e8f5791350bf98bc681a9') in 0.0074676 seconds
Number of updated asset objects reloaded before import = 0Number of asset objects unloaded after import = 1

========================================================================
Received Import Request.
  Time since last request: 0.000028 seconds.
  path: Assets/8FastCars/Materials/Caravan_details.mat
  artifactKey: Guid(49aacf3c66a94cf4c94b579451675db7) Importer(815301076,1909f56bfc062723c751e8b465ee728b)
Start importing Assets/8FastCars/Materials/Caravan_details.mat using Guid(49aacf3c66a94cf4c94b579451675db7) Importer(815301076,1909f56bfc062723c751e8b465ee728b) (PreviewImporter) -> (artifact id: 'b647c2ec1361195e54f39a0285db506c') in 0.0091885 seconds
Number of updated asset objects reloaded before import = 0Number of asset objects unloaded after import = 2

========================================================================
Received Import Request.
  Time since last request: 0.000021 seconds.
  path: Assets/8FastCars/Materials/Diesel_body.mat
  artifactKey: Guid(d17bb651138c5ef4ca93dfc8726521cd) Importer(815301076,1909f56bfc062723c751e8b465ee728b)
Start importing Assets/8FastCars/Materials/Diesel_body.mat using Guid(d17bb651138c5ef4ca93dfc8726521cd) Importer(815301076,1909f56bfc062723c751e8b465ee728b) (PreviewImporter) -> (artifact id: 'c217f97f2b73bd45803648644e5f67e4') in 0.0078486 seconds
Number of updated asset objects reloaded before import = 0Number of asset objects unloaded after import = 2

========================================================================
Received Import Request.
  Time since last request: 0.000020 seconds.
  path: Assets/8FastCars/Materials/Fury_LightsFront.mat
  artifactKey: Guid(c40c1c7189c227645bcd7e73f51c04d6) Importer(815301076,1909f56bfc062723c751e8b465ee728b)
Start importing Assets/8FastCars/Materials/Fury_LightsFront.mat using Guid(c40c1c7189c227645bcd7e73f51c04d6) Importer(815301076,1909f56bfc062723c751e8b465ee728b) (PreviewImporter) -> (artifact id: '1d8059c3ac3efe14a7f95dc0649e217c') in 0.0077157 seconds
Number of updated asset objects reloaded before import = 0Number of asset objects unloaded after import = 2

========================================================================
Received Import Request.
  Time since last request: 0.000023 seconds.
  path: Assets/8FastCars/Materials/Fury_Wheel.mat
  artifactKey: Guid(2ee690da7dd85bf4196f4658d070952b) Importer(815301076,1909f56bfc062723c751e8b465ee728b)
Start importing Assets/8FastCars/Materials/Fury_Wheel.mat using Guid(2ee690da7dd85bf4196f4658d070952b) Importer(815301076,1909f56bfc062723c751e8b465ee728b) (PreviewImporter) -> (artifact id: 'ee5432b05304ec1b272a4c43afe30875') in 0.0071758 seconds
Number of updated asset objects reloaded before import = 0Number of asset objects unloaded after import = 2

========================================================================
Received Import Request.
  Time since last request: 0.000020 seconds.
  path: Assets/8FastCars/Materials/Diesel_interior.mat
  artifactKey: Guid(8ad72454bed1f134fa178fe77cdb2b26) Importer(815301076,1909f56bfc062723c751e8b465ee728b)
Start importing Assets/8FastCars/Materials/Diesel_interior.mat using Guid(8ad72454bed1f134fa178fe77cdb2b26) Importer(815301076,1909f56bfc062723c751e8b465ee728b) (PreviewImporter) -> (artifact id: '5644f7036cadd5a4786dbde6e3f9979c') in 0.006934 seconds
Number of updated asset objects reloaded before import = 0Number of asset objects unloaded after import = 1

========================================================================
Received Import Request.
  Time since last request: 0.000023 seconds.
  path: Assets/8FastCars/Materials/Caravan_tyre.mat
  artifactKey: Guid(70367f077dd88cc4cabf9e09855a2311) Importer(815301076,1909f56bfc062723c751e8b465ee728b)
Start importing Assets/8FastCars/Materials/Caravan_tyre.mat using Guid(70367f077dd88cc4cabf9e09855a2311) Importer(815301076,1909f56bfc062723c751e8b465ee728b) (PreviewImporter) -> (artifact id: '949b742a9054fda95753151b9057bdd4') in 0.0080339 seconds
Number of updated asset objects reloaded before import = 0Number of asset objects unloaded after import = 2

========================================================================
Received Import Request.
  Time since last request: 0.000023 seconds.
  path: Assets/8FastCars/Materials/Megan_CarLights.mat
  artifactKey: Guid(c04663378e9a3ec41bcac438723a8075) Importer(815301076,1909f56bfc062723c751e8b465ee728b)
Start importing Assets/8FastCars/Materials/Megan_CarLights.mat using Guid(c04663378e9a3ec41bcac438723a8075) Importer(815301076,1909f56bfc062723c751e8b465ee728b) (PreviewImporter) -> (artifact id: '8c050c9b4a9ccf0d98cf71be34c66a37') in 0.0085029 seconds
Number of updated asset objects reloaded before import = 0Number of asset objects unloaded after import = 2

========================================================================
Received Import Request.
  Time since last request: 0.000042 seconds.
  path: Assets/8FastCars/Materials/Fury_Tyre.mat
  artifactKey: Guid(737ecd7c66323864fb878884ed9937a9) Importer(815301076,1909f56bfc062723c751e8b465ee728b)
Start importing Assets/8FastCars/Materials/Fury_Tyre.mat using Guid(737ecd7c66323864fb878884ed9937a9) Importer(815301076,1909f56bfc062723c751e8b465ee728b) (PreviewImporter) -> (artifact id: '502120572825ed57763c5371d09f79a5') in 0.0081754 seconds
Number of updated asset objects reloaded before import = 0Number of asset objects unloaded after import = 2

========================================================================
Received Import Request.
  Time since last request: 0.000030 seconds.
  path: Assets/8FastCars/Materials/Lagoon_tyre.mat
  artifactKey: Guid(4c3c8e5339d780b429639432c786ede1) Importer(815301076,1909f56bfc062723c751e8b465ee728b)
Start importing Assets/8FastCars/Materials/Lagoon_tyre.mat using Guid(4c3c8e5339d780b429639432c786ede1) Importer(815301076,1909f56bfc062723c751e8b465ee728b) (PreviewImporter) -> (artifact id: 'bf99a4a056ae9e245064fa608f597ced') in 0.0089068 seconds
Number of updated asset objects reloaded before import = 0Number of asset objects unloaded after import = 2

========================================================================
Received Import Request.
  Time since last request: 0.000037 seconds.
  path: Assets/8FastCars/Materials/Megan_CarInterior.mat
  artifactKey: Guid(0f5a54ed5f8bf7348ae2bf47f0391339) Importer(815301076,1909f56bfc062723c751e8b465ee728b)
Start importing Assets/8FastCars/Materials/Megan_CarInterior.mat using Guid(0f5a54ed5f8bf7348ae2bf47f0391339) Importer(815301076,1909f56bfc062723c751e8b465ee728b) (PreviewImporter) -> (artifact id: 'aa370273b35cfafe8e168ac4dd5af62e') in 0.0068544 seconds
Number of updated asset objects reloaded before import = 0Number of asset objects unloaded after import = 1

========================================================================
Received Import Request.
  Time since last request: 23.655022 seconds.
  path: Assets/8FastCars/Materials/Megan_Radiator.mat
  artifactKey: Guid(d85bcda18e973554ea2ca4291adc3522) Importer(815301076,1909f56bfc062723c751e8b465ee728b)
Start importing Assets/8FastCars/Materials/Megan_Radiator.mat using Guid(d85bcda18e973554ea2ca4291adc3522) Importer(815301076,1909f56bfc062723c751e8b465ee728b) (PreviewImporter) -> (artifact id: 'e39a55f7d2c0d9b83ef406f26046398e') in 0.0086006 seconds
Number of updated asset objects reloaded before import = 0Number of asset objects unloaded after import = 1

========================================================================
Received Import Request.
  Time since last request: 0.000064 seconds.
  path: Assets/8FastCars/Materials/Megan_WindowGlassBack.mat
  artifactKey: Guid(b08d7e63d23ed7642bc849b4d8bf6bcd) Importer(815301076,1909f56bfc062723c751e8b465ee728b)
Start importing Assets/8FastCars/Materials/Megan_WindowGlassBack.mat using Guid(b08d7e63d23ed7642bc849b4d8bf6bcd) Importer(815301076,1909f56bfc062723c751e8b465ee728b) (PreviewImporter) -> (artifact id: '68ae25d8a741eebef326a69dbb8e5934') in 0.0071451 seconds
Number of updated asset objects reloaded before import = 0Number of asset objects unloaded after import = 1

========================================================================
Received Import Request.
  Time since last request: 0.000017 seconds.
  path: Assets/8FastCars/Materials/Stranger_detail.mat
  artifactKey: Guid(2ea45f5a53e999640ab2ba0bcd3b790b) Importer(815301076,1909f56bfc062723c751e8b465ee728b)
Start importing Assets/8FastCars/Materials/Stranger_detail.mat using Guid(2ea45f5a53e999640ab2ba0bcd3b790b) Importer(815301076,1909f56bfc062723c751e8b465ee728b) (PreviewImporter) -> (artifact id: 'b0b8bdfed52a2fe2e7468b5edd87883f') in 0.0123505 seconds
Number of updated asset objects reloaded before import = 0Number of asset objects unloaded after import = 2

========================================================================
Received Import Request.
  Time since last request: 0.000018 seconds.
  path: Assets/8FastCars/Materials/Stranger_body.mat
  artifactKey: Guid(c010a9635354dcf4ead6c5ca558ce981) Importer(815301076,1909f56bfc062723c751e8b465ee728b)
Start importing Assets/8FastCars/Materials/Stranger_body.mat using Guid(c010a9635354dcf4ead6c5ca558ce981) Importer(815301076,1909f56bfc062723c751e8b465ee728b) (PreviewImporter) -> (artifact id: '9a97ae1e35f99c7a9a098273a3abbb20') in 0.0106678 seconds
Number of updated asset objects reloaded before import = 0Number of asset objects unloaded after import = 2

========================================================================
Received Import Request.
  Time since last request: 0.000021 seconds.
  path: Assets/8FastCars/Materials/Stranger_glass.mat
  artifactKey: Guid(e60064e1bb9692942800a68f76ea62c7) Importer(815301076,1909f56bfc062723c751e8b465ee728b)
Start importing Assets/8FastCars/Materials/Stranger_glass.mat using Guid(e60064e1bb9692942800a68f76ea62c7) Importer(815301076,1909f56bfc062723c751e8b465ee728b) (PreviewImporter) -> (artifact id: 'e5c221cce69df5ed0e52b503b04caaa7') in 0.0091601 seconds
Number of updated asset objects reloaded before import = 0Number of asset objects unloaded after import = 1

========================================================================
Received Import Request.
  Time since last request: 0.000028 seconds.
  path: Assets/8FastCars/Materials/Stranger_base.mat
  artifactKey: Guid(0300f846bd356f646939b5cc59dfb195) Importer(815301076,1909f56bfc062723c751e8b465ee728b)
Start importing Assets/8FastCars/Materials/Stranger_base.mat using Guid(0300f846bd356f646939b5cc59dfb195) Importer(815301076,1909f56bfc062723c751e8b465ee728b) (PreviewImporter) -> (artifact id: 'fea7065fe6bd44b1c492308341f4472b') in 0.0084665 seconds
Number of updated asset objects reloaded before import = 0Number of asset objects unloaded after import = 1

Editor requested this worker to shutdown with reason: Scaling down because of idle timeout
AssetImportWorker is now disconnected from the server
Process exiting
Exiting without the bug reporter. Application will terminate with return code 0